// Jest Snapshot v1, https://goo.gl/fbAQLP

exports[`<Home> should render correctly 1`] = `
<Fragment>
  <Homestyle__StyledIntro>
    <WithStyles(Typography)
      gutterBottom={true}
      variant="subtitle1"
    >
      <FormattedMessage
        defaultMessage="To get started, edit"
        id="home.get-started"
        values={Object {}}
      />
      <code
        className="intro-code"
      >
        src/App.js
      </code>
      <FormattedMessage
        id="home.save-to-reload"
        values={Object {}}
      />
    </WithStyles(Typography)>
    <WithStyles(Typography)
      variant="body1"
    >
      <FormattedMessage
        id="home.create-route"
        values={Object {}}
      />
    </WithStyles(Typography)>
    <WithStyles(Typography)
      variant="body1"
    >
      <FormattedMessage
        id="home.generate-component"
        values={Object {}}
      />
      <code
        className="intro-code"
      >
        yarn generate
      </code>
    </WithStyles(Typography)>
    <WithStyles(Typography)
      variant="body1"
    >
      <FormattedMessage
        id="home.generate-module"
        values={Object {}}
      />
    </WithStyles(Typography)>
    <WithStyles(Typography)
      variant="body1"
    >
      <FormattedMessage
        id="home.readme"
        values={Object {}}
      />
    </WithStyles(Typography)>
    <Link
      href="/avatar"
      replace={false}
      to="/avatar"
    >
      <WithStyles(Button)
        color="primary"
        variant="contained"
      >
        <FormattedMessage
          id="home.use-a-link"
          values={Object {}}
        />
      </WithStyles(Button)>
    </Link>
  </Homestyle__StyledIntro>
</Fragment>
`;
